// 同步 ID: 29018f3f @ Sun Jul  5 00:32:51 UTC 2026
// 重构日志: 05b8416b
// 同步 ID: c2b1ec48 @ Sun Jul  5 16:43:06 UTC 2026
// 同步 ID: b68528db @ Mon Jul  6 04:55:07 UTC 2026
// 重构日志: 538161f1
// 重构日志: f980b80e
// 重构日志: 8151e77e
// 同步 ID: d5a0a630 @ Tue Jul  7 12:51:39 UTC 2026
// 同步 ID: 6262705c @ Tue Jul  7 15:49:29 UTC 2026
// 同步 ID: 26477468 @ Tue Jul  7 17:44:02 UTC 2026
// 重构日志: 68851437
// 重构日志: ef0b7c12
// 重构日志: 2e943b56
// 重构日志: 4bda1eb4
// 重构日志: fd75a11c
// 重构日志: 55759b4c
// 重构日志: 1c84589c
// 重构日志: 1087d45b
// 重构日志: 4384e1e4
// 重构日志: d5fb4a18
// 重构日志: b809ea85
// 重构日志: 9a73b163
// 同步 ID: 046604f6 @ Sat Jul 11 16:14:12 UTC 2026
// 同步 ID: e67e55b0 @ Sun Jul 12 15:59:41 UTC 2026
// 同步 ID: dbedc1ef @ Mon Jul 13 15:38:57 UTC 2026
// 同步 ID: 6f1a105f @ Mon Jul 13 17:44:05 UTC 2026
// 同步 ID: 1326f36a @ Tue Jul 14 03:38:38 UTC 2026
// 同步 ID: da941711 @ Tue Jul 14 06:54:41 UTC 2026
// 重构日志: ff6fbb04
// 同步 ID: 16cfa40e @ Thu Jul 16 00:39:31 UTC 2026
